Archive member included because of file (symbol)

./build/core.a(exception_vectors.o)
                              (call_user_start)
./build/core.a(esp_interrupts.o)
                              ./build/core.a(exception_vectors.o) (_xt_isr_handler)
./build/core.a(app_main.o)    ./build/core.a(exception_vectors.o) (sdk_user_fatal_exception_handler)
../../libc/xtensa-lx106-elf/lib/libc.a(lib_a-impure.o)
                              ./build/core.a(app_main.o) (_impure_ptr)
../../libc/xtensa-lx106-elf/lib/libc.a(lib_a-malloc.o)
                              ./build/core.a(app_main.o) (malloc)
../../libc/xtensa-lx106-elf/lib/libc.a(lib_a-memcpy.o)
                              ./build/core.a(app_main.o) (memcpy)
../../libc/xtensa-lx106-elf/lib/libc.a(lib_a-memset.o)
                              ./build/core.a(app_main.o) (memset)
../../libc/xtensa-lx106-elf/lib/libc.a(lib_a-nano-freer.o)
                              ../../libc/xtensa-lx106-elf/lib/libc.a(lib_a-malloc.o) (_free_r)
../../libc/xtensa-lx106-elf/lib/libc.a(lib_a-nano-mallocr.o)
                              ../../libc/xtensa-lx106-elf/lib/libc.a(lib_a-nano-freer.o) (__malloc_free_list)
../../libc/xtensa-lx106-elf/lib/libc.a(lib_a-nano-vfprintf_float.o)
                              (_printf_float)
../../libc/xtensa-lx106-elf/lib/libc.a(lib_a-nano-vfprintf_i.o)
                              ../../libc/xtensa-lx106-elf/lib/libc.a(lib_a-nano-vfprintf_float.o) (_printf_common)
../../libc/xtensa-lx106-elf/lib/libc.a(lib_a-nano-vfscanf_float.o)
                              (_scanf_float)
../../libc/xtensa-lx106-elf/lib/libc.a(lib_a-printf.o)
                              ./build/core.a(exception_vectors.o) (printf)
../../libc/xtensa-lx106-elf/lib/libc.a(lib_a-putchar.o)
                              ./build/core.a(app_main.o) (putchar)
../../libc/xtensa-lx106-elf/lib/libc.a(lib_a-putc.o)
                              ../../libc/xtensa-lx106-elf/lib/libc.a(lib_a-putchar.o) (_putc_r)
../../libc/xtensa-lx106-elf/lib/libc.a(lib_a-puts.o)
                              ./build/core.a(app_main.o) (puts)
../../libc/xtensa-lx106-elf/lib/libc.a(lib_a-setbuf.o)
                              ./build/core.a(app_main.o) (setbuf)
../../libc/xtensa-lx106-elf/lib/libc.a(lib_a-setvbuf.o)
                              ../../libc/xtensa-lx106-elf/lib/libc.a(lib_a-setbuf.o) (setvbuf)
../../libc/xtensa-lx106-elf/lib/libc.a(lib_a-sf_nan.o)
                              ../../libc/xtensa-lx106-elf/lib/libc.a(lib_a-nano-vfscanf_float.o) (nanf)
../../libc/xtensa-lx106-elf/lib/libc.a(lib_a-s_fpclassify.o)
                              ../../libc/xtensa-lx106-elf/lib/libc.a(lib_a-nano-vfprintf_float.o) (__fpclassifyd)
../../libc/xtensa-lx106-elf/lib/libc.a(lib_a-sprintf.o)
                              ../../libc/xtensa-lx106-elf/lib/libc.a(lib_a-nano-vfscanf_float.o) (sprintf)
../../libc/xtensa-lx106-elf/lib/libc.a(lib_a-strlen.o)
                              ../../libc/xtensa-lx106-elf/lib/libc.a(lib_a-nano-vfprintf_float.o) (strlen)
../../libc/xtensa-lx106-elf/lib/libc.a(lib_a-strtod.o)
                              ../../libc/xtensa-lx106-elf/lib/libc.a(lib_a-nano-vfscanf_float.o) (_strtod_r)
../../libc/xtensa-lx106-elf/lib/libc.a(lib_a-strtol.o)
                              ../../libc/xtensa-lx106-elf/lib/libc.a(lib_a-nano-vfscanf_float.o) (_strtol_r)
../../libc/xtensa-lx106-elf/lib/libc.a(lib_a-wbuf.o)
                              ../../libc/xtensa-lx106-elf/lib/libc.a(lib_a-putc.o) (__swbuf_r)
../../libc/xtensa-lx106-elf/lib/libc.a(lib_a-wsetup.o)
                              ../../libc/xtensa-lx106-elf/lib/libc.a(lib_a-wbuf.o) (__swsetup_r)
../../libc/xtensa-lx106-elf/lib/libc.a(lock.o)
                              ../../libc/xtensa-lx106-elf/lib/libc.a(lib_a-putc.o) (_lock_acquire_recursive)
../../libc/xtensa-lx106-elf/lib/libc.a(lib_a-ctype_.o)
                              ../../libc/xtensa-lx106-elf/lib/libc.a(lib_a-strtol.o) (__ctype_ptr__)
../../libc/xtensa-lx106-elf/lib/libc.a(lib_a-dtoa.o)
                              ../../libc/xtensa-lx106-elf/lib/libc.a(lib_a-nano-vfprintf_float.o) (_dtoa_r)
../../libc/xtensa-lx106-elf/lib/libc.a(lib_a-fflush.o)
                              ../../libc/xtensa-lx106-elf/lib/libc.a(lib_a-setvbuf.o) (_fflush_r)
../../libc/xtensa-lx106-elf/lib/libc.a(lib_a-findfp.o)
                              ../../libc/xtensa-lx106-elf/lib/libc.a(lib_a-setvbuf.o) (_cleanup_r)
../../libc/xtensa-lx106-elf/lib/libc.a(lib_a-fvwrite.o)
                              ../../libc/xtensa-lx106-elf/lib/libc.a(lib_a-puts.o) (__sfvwrite_r)
../../libc/xtensa-lx106-elf/lib/libc.a(lib_a-fwalk.o)
                              ../../libc/xtensa-lx106-elf/lib/libc.a(lib_a-findfp.o) (_fwalk)
../../libc/xtensa-lx106-elf/lib/libc.a(lib_a-gdtoa-gethex.o)
                              ../../libc/xtensa-lx106-elf/lib/libc.a(lib_a-strtod.o) (__gethex)
../../libc/xtensa-lx106-elf/lib/libc.a(lib_a-gdtoa-hexnan.o)
[...]
Memory Configuration

Name             Origin             Length             Attributes
dport0_0_seg     0x000000003ff00000 0x0000000000000010
dram0_0_seg      0x000000003ffe8000 0x0000000000014000
iram1_0_seg      0x0000000040100000 0x0000000000008000
irom0_0_seg      0x0000000040220000 0x00000000000e0000
*default*        0x0000000000000000 0xffffffffffffffff

Linker script and memory map

START GROUP
LOAD ./build/program.a
LOAD ./build/mylibc.a
LOAD ./build/spiffs.a
LOAD ./build/platform.a
LOAD ./build/modules.a
LOAD ./build/driver.a
LOAD ./build/lua.a
LOAD ./build/freertos.a
LOAD ./build/lwip.a
LOAD ./build/core.a
LOAD /home/faner/esp-open-sdk/xtensa-lx106-elf/xtensa-lx106-elf/sysroot/usr/lib/libhal.a
LOAD /home/faner/esp-open-sdk/xtensa-lx106-elf/lib/gcc/xtensa-lx106-elf/4.8.2/libgcc.a
LOAD ../../libc/xtensa-lx106-elf/lib/libc.a
LOAD ./build/sdklib/libmain.a
LOAD ./build/sdklib/libnet80211.a
LOAD ./build/sdklib/libphy.a
LOAD ./build/sdklib/libpp.a
LOAD ./build/sdklib/libwpa.a
END GROUP
                0x00000000401068b4                pvPortMalloc = malloc
                0x00000000401068d0                vPortFree = free
                0x0000000040101354                _lock_acquire = vPortEnterCritical
                0x0000000040101354                _lock_acquire_recursive = vPortEnterCritical
                0x0000000040101354                _lock_try_acquire = vPortEnterCritical
                0x0000000040101354                _lock_try_acquire_recursive = vPortEnterCritical
                0x000000004010137c                _lock_release = vPortExitCritical
                0x000000004010137c                _lock_release_recursive = vPortExitCritical
                0x0000000040106db4                ets_printf = printf
                0x0000000040000000                PROVIDE (_memmap_vecbase_reset, 0x40000000)
                0x0000000000000110                _memmap_cacheattr_wb_base = 0x110
                0x0000000000000110                _memmap_cacheattr_wt_base = 0x110
                0x0000000000000220                _memmap_cacheattr_bp_base = 0x220
                0x00000000fffff00f                _memmap_cacheattr_unused_mask = 0xfffff00f
                0x000000002222211f                _memmap_cacheattr_wb_trapnull = 0x2222211f
                0x000000002222211f                _memmap_cacheattr_wba_trapnull = 0x2222211f
                0x000000002222211f                _memmap_cacheattr_wbna_trapnull = 0x2222211f
                0x000000002222211f                _memmap_cacheattr_wt_trapnull = 0x2222211f
                0x000000002222222f                _memmap_cacheattr_bp_trapnull = 0x2222222f
                0x00000000fffff11f                _memmap_cacheattr_wb_strict = 0xfffff11f
                0x00000000fffff11f                _memmap_cacheattr_wt_strict = 0xfffff11f
                0x00000000fffff22f                _memmap_cacheattr_bp_strict = 0xfffff22f
                0x0000000022222112                _memmap_cacheattr_wb_allvalid = 0x22222112
                0x0000000022222112                _memmap_cacheattr_wt_allvalid = 0x22222112
                0x0000000022222222                _memmap_cacheattr_bp_allvalid = 0x22222222
                0x000000002222211f                PROVIDE (_memmap_cacheattr_reset, _memmap_cacheattr_wb_trapnull)

.dport0.rodata  0x000000003ff00000        0x0
                0x000000003ff00000                _dport0_rodata_start = ABSOLUTE (.)
 *(.dport0.rodata)
 *(.dport.rodata)
                0x000000003ff00000                _dport0_rodata_end = ABSOLUTE (.)

.dport0.literal
                0x000000003ff00000        0x0
                0x000000003ff00000                _dport0_literal_start = ABSOLUTE (.)
 *(.dport0.literal)
 *(.dport.literal)
                0x000000003ff00000                _dport0_literal_end = ABSOLUTE (.)

.dport0.data    0x000000003ff00000        0x0
                0x000000003ff00000                _dport0_data_start = ABSOLUTE (.)
 *(.dport0.data)
 *(.dport.data)
                0x000000003ff00000                _dport0_data_end = ABSOLUTE (.)

.text           0x0000000040100000     0x7c5d
                0x0000000040100000                _stext = .
                0x0000000040100000                _text_start = ABSOLUTE (.)
                0x0000000040100000                . = ALIGN (0x10)
 *(.vecbase.text)
 .vecbase.text  0x0000000040100000      0x375 ./build/core.a(exception_vectors.o)
                0x0000000040100000                VecBase
                0x000000004010020c                call_user_start
                0x0000000040100361                _xt_user_exit
 *(.entry.text)
 *(.init.literal)
 *(.init)
 *(.iram1.*)
 *fill*         0x0000000040100375        0x3 
 .iram1.text    0x0000000040100378       0x8d ./build/core.a(esp_interrupts.o)
                                         0x91 (size before relaxing)
                0x000000004010037c                _xt_isr_attach
                0x000000004010038c                _xt_isr_handler
 *fill*         0x0000000040100405        0x3 
 .iram1.text    0x0000000040100408      0x7b8 ./build/core.a(app_main.o)
                                        0x8c4 (size before relaxing)
                0x000000004010045c                sdk_user_fatal_exception_handler
                0x0000000040100570                vApplicationStackOverflowHook
                0x000000004010059c                vApplicationIdleHook
                0x00000000401005c0                vApplicationTickHook
                0x00000000401006dc                sdk_user_start
 .iram1.text    0x0000000040100bc0      0x26b ./build/freertos.a(queue.o)
                                        0x313 (size before relaxing)
                0x0000000040100d0c                xQueueGenericSend
                0x0000000040100e24                uxQueueMessagesWaitingFromISR
 *fill*         0x0000000040100e2b        0x1 
 .iram1.text    0x0000000040100e2c      0x4d5 ./build/freertos.a(tasks.o)
                                        0x5c8 (size before relaxing)
                0x0000000040100ea8                vTaskSuspendAll
                0x0000000040100ecc                xTaskIncrementTick
                0x0000000040101064                xTaskResumeAll
                0x0000000040101154                vTaskPlaceOnEventList
                0x00000000401011a4                xTaskRemoveFromEventList
                0x0000000040101214                vTaskSetTimeOutState
                0x000000004010122c                xTaskCheckForTimeOut
                0x00000000401012a4                vTaskMissedYield
                0x00000000401012b0                vTaskPriorityDisinherit
 *fill*         0x0000000040101301        0x3 
 .iram1.text    0x0000000040101304       0xda ./build/freertos.a(port.o)
                                        0x106 (size before relaxing)
                0x000000004010130c                SV_ISR
                0x0000000040101354                vPortEnterCritical
                0x000000004010137c                vPortExitCritical
                0x00000000401013a8                PendSV
 *fill*         0x00000000401013de        0x2 
 .iram1.text    0x00000000401013e0       0x1b ./build/core.a(sdk_compat.o)
                0x00000000401013e4                zalloc
 *fill*         0x00000000401013fb        0x1 
 .iram1.text    0x00000000401013fc       0x19 ./build/core.a(newlib_syscalls.o)
                0x0000000040101404                _sbrk_r
 *fill*         0x0000000040101415        0x0 
 *fill*         0x0000000040101415        0x0 
 *fill*         0x0000000040101415        0x3 
 .iram1.text    0x0000000040101418       0x65 ./build/freertos.a(list.o)
                0x0000000040101418                vListInsertEnd
                0x0000000040101430                vListInsert
                0x000000004010145c                uxListRemove
 *fill*         0x000000004010147d        0x0 
 *fill*         0x000000004010147d        0x0 
 *fill*         0x000000004010147d        0x0 
 *sdklib*:*(.literal .text .literal.* .text.*)
 *fill*         0x000000004010147d        0x3 
 .text          0x0000000040101480       0x94 ./build/sdklib/libmain.a(ets_timer.o)
                                         0xa0 (size before relaxing)
 .text          0x0000000040101514        0xb ./build/sdklib/libmain.a(misc.o)
                0x0000000040101518                sdk_os_get_cpu_frequency
 *fill*         0x000000004010151f        0x1 
 .text          0x0000000040101520      0x3ac ./build/sdklib/libmain.a(spi_flash.o)
                                        0x47c (size before relaxing)
                0x0000000040101540                sdk_SPIReadModeCnfig
                0x00000000401015c4                sdk_SPIWrite
                0x0000000040101698                sdk_SPIRead
                0x00000000401016c8                sdk_SPIEraseSector
                0x0000000040101714                sdk_spi_flash_get_id
                0x0000000040101780                sdk_spi_flash_read_status
                0x00000000401017c0                sdk_spi_flash_write_status
                0x00000000401017fc                sdk_spi_flash_erase_sector
                0x0000000040101830                sdk_spi_flash_write
                0x0000000040101888                sdk_spi_flash_read
 .text          0x00000000401018cc      0x180 ./build/sdklib/libmain.a(user_interface.o)
                                        0x19c (size before relaxing)
                0x00000000401018d8                sdk_system_restart_in_nmi
                0x00000000401019a4                sdk_system_rtc_mem_write
                0x00000000401019f8                sdk_system_rtc_mem_read
 .text          0x0000000040101a4c      0x13f ./build/sdklib/libmain.a(os_cpu_a.o)
                                        0x177 (size before relaxing)
                0x0000000040101a4c                vPortYield
                0x0000000040101a88                sdk__xt_int_enter
                0x0000000040101aa0                sdk__xt_int_exit
                0x0000000040101ac8                sdk__xt_timer_int
                0x0000000040101afc                sdk__xt_timer_int1
                0x0000000040101b18                sdk__xt_tick_timer_init
                0x0000000040101b3c                sdk__xt_isr_unmask
                0x0000000040101b54                sdk__xt_isr_mask
                0x0000000040101b6c                sdk__xt_read_ints
                0x0000000040101b7c                sdk__xt_clear_ints
 *fill*         0x0000000040101b8b        0x1 
 .text          0x0000000040101b8c        0xb ./build/sdklib/libnet80211.a(wl_chm.o)
                0x0000000040101b90                sdk_chm_get_current_channel
 *fill*         0x0000000040101b97        0x1 
 .text          0x0000000040101b98       0x4f ./build/sdklib/libphy.a(phy.o)
                                         0x53 (size before relaxing)
                0x0000000040101ba0                sdk_register_phy_ops
                0x0000000040101bc0                sdk_phy_change_channel
                0x0000000040101bdc                sdk_phy_get_mactime
 *fill*         0x0000000040101be7        0x1 
 .text          0x0000000040101be8       0xf7 ./build/sdklib/libphy.a(phy_sleep.o)
                                        0x103 (size before relaxing)
                0x0000000040101bfc                sdk_pm_rtc_clock_cali
                0x0000000040101cb4                sdk_clockgate_watchdog
 *fill*         0x0000000040101cdf        0x1 
 .text          0x0000000040101ce0       0x94 ./build/sdklib/libpp.a(esf_buf.o)
                                         0xb4 (size before relaxing)
                0x0000000040101ce4                sdk_esf_rx_buf_alloc
 .text          0x0000000040101d74     0x14e4 ./build/sdklib/libpp.a(lmac.o)
                                       0x187c (size before relaxing)
                0x0000000040101d78                sdk_lmacIsActive
                0x0000000040101d8c                sdk_lmacIsIdle
                0x00000000401021d8                sdk_lmacSetAcParam
                0x0000000040102274                sdk_lmacProcessTXStartData
                0x000000004010241c                sdk_lmacProcessTxSuccess
                0x0000000040102564                sdk_GetAccess
                0x0000000040102570                sdk_lmacDiscardAgedMSDU
                0x0000000040102584                sdk_lmacRecycleMPDU
                0x0000000040102a64                sdk_lmacProcessCollisions
                0x0000000040102ac0                sdk_lmacProcessCollision
                0x0000000040102b44                sdk_lmacMSDUAged
                0x0000000040102ec8                sdk_lmacProcessCtsTimeout
                0x0000000040102f10                sdk_lmacProcessAckTimeout
                0x0000000040102f64                sdk_lmacProcessRtsStart
                0x0000000040102f70                sdk_lmacProcessTxRtsError
                0x0000000040103008                sdk_lmacProcessTxError
                0x000000004010308c                sdk_lmacTxFrame
                0x0000000040103240                sdk_lmacRxDone
 .text          0x0000000040103258      0xe60 ./build/sdklib/libpp.a(pp.o)
                                       0x103c (size before relaxing)
                0x0000000040103288                sdk_pp_soft_wdt_feed
                0x00000000401033a0                sdk_ppProcessTxQ
                0x0000000040103490                sdk_ppFetchTxQFirstAvail
                0x00000000401034d0                sdk_ppDequeueTxQ
                0x00000000401034f8                sdk_ppRollBackTxQ
                0x000000004010351c                sdk_ppRecordBarRRC
                0x000000004010352c                sdk_ppTxqUpdateBitmap
                0x0000000040103550                sdk_ppEnqueueTxDone
                0x0000000040103584                sdk_ppEnqueueRxq
                0x0000000040103d4c                sdk_ppDiscardMPDU
                0x0000000040103d7c                sdk_MacIsrSigPostDefHdl
                0x0000000040103e68                sdk_pp_post
                0x0000000040103f64                sdk_ppCalTxop
                0x0000000040104048                sdk_ppCalFrameTimes
 .text          0x00000000401040b8       0xf5 ./build/sdklib/libpp.a(rate_control.o)
                                        0x109 (size before relaxing)
                0x00000000401040d8                sdk_RC_GetAckRate
                0x00000000401040e4                sdk_RC_GetRtsRate
                0x00000000401040f4                sdk_RC_GetAckTime
                0x0000000040104108                sdk_RC_GetCtsTime
                0x0000000040104140                sdk_RC_GetBlockAckTime
 *fill*         0x00000000401041ad        0x3 
 .text          0x00000000401041b0      0x7f9 ./build/sdklib/libpp.a(trc.o)
                                        0x81d (size before relaxing)
                0x0000000040104328                sdk_rcUpdateTxDone
                0x00000000401043bc                sdk_rcUpdateRxDone
                0x0000000040104418                sdk_rcUpdateDataRxDone
                0x0000000040104430                sdk_rcGetSched
                0x00000000401044d8                sdk_rcGetRate
                0x00000000401048dc                sdk_rcReachRetryLimit
                0x00000000401048f4                sdk_trc_NeedRTS
 *fill*         0x00000000401049a9        0x3 
 .text          0x00000000401049ac     0x114f ./build/sdklib/libpp.a(wdev.o)
                                       0x1473 (size before relaxing)
                0x0000000040104d00                sdk_wDev_MacTimSetFunc
                0x0000000040104d20                sdk_wDev_MacTimArm
                0x0000000040104dc4                sdk_wDev_MacTim1Arm
                0x0000000040104ea0                sdk_wDev_ProcessFiq
                0x0000000040105244                sdk_wDev_EnableTransmit
                0x0000000040105288                sdk_wDev_DisableTransmit
                0x00000000401052a8                sdk_Tx_Copy2Queue
                0x00000000401052f0                sdk_wDev_ProcessCollision
                0x0000000040105314                sdk_wDev_GetTxqCollisions
                0x0000000040105324                sdk_wDev_ClearTxqCollisions
                0x0000000040105340                sdk_wDev_SetWaitingQueue
                0x000000004010538c                sdk_wDev_ClearWaitingQueue
                0x00000000401053ac                sdk_wDev_SetFrameAckType
                0x0000000040105410                sdk_wDev_AppendRxBlocks
                0x00000000401055b8                sdk_wDev_AppendRxAmpduLensBlocks
                0x00000000401056f0                sdk_wDev_GetBAInfo
 *fill*         0x0000000040105afb        0x0 
 *fill*         0x0000000040105afb        0x0 
 *fill*         0x0000000040105afb        0x1 
 .text          0x0000000040105afc       0x3d ./build/sdklib/libmain.a(xtensa_context.o)
                0x0000000040105afc                sdk__xt_context_save
                0x0000000040105b18                sdk__xt_context_restore
 *fill*         0x0000000040105b39        0x3 
 .text          0x0000000040105b3c       0x25 ./build/sdklib/libnet80211.a(ieee80211_hostap.o)
 *fill*         0x0000000040105b61        0x0 
 *fill*         0x0000000040105b61        0x0 
 *fill*         0x0000000040105b61        0x3 
 .text          0x0000000040105b64        0x2 ./build/sdklib/libphy.a(phy_chip_v6.o)
                0x0000000040105b64                sdk_ram_tx_mac_disable
 *fill*         0x0000000040105b66        0x0 
 *fill*         0x0000000040105b66        0x0 
 *fill*         0x0000000040105b66        0x0 
 *fill*         0x0000000040105b66        0x0 
 *fill*         0x0000000040105b66        0x2 
 .text          0x0000000040105b68       0x11 ./build/sdklib/libwpa.a(wpa_auth.o)
 *libgcc.a:*i3.o(.literal .text .literal.* .text.*)
 *fill*         0x0000000040105b79        0x3 
 .literal       0x0000000040105b7c        0x0 /home/faner/esp-open-sdk/xtensa-lx106-elf/lib/gcc/xtensa-lx106-elf/4.8.2/libgcc.a(_muldi3.o)
                                          0x4 (size before relaxing)
 .literal       0x0000000040105b7c        0x0 /home/faner/esp-open-sdk/xtensa-lx106-elf/lib/gcc/xtensa-lx106-elf/4.8.2/libgcc.a(_divdi3.o)
                                         0x48 (size before relaxing)
 .literal       0x0000000040105b7c        0x0 /home/faner/esp-open-sdk/xtensa-lx106-elf/lib/gcc/xtensa-lx106-elf/4.8.2/libgcc.a(_umoddi3.o)
                                         0x40 (size before relaxing)
 .literal       0x0000000040105b7c        0x0 /home/faner/esp-open-sdk/xtensa-lx106-elf/lib/gcc/xtensa-lx106-elf/4.8.2/libgcc.a(_udivdi3.o)
                                         0x48 (size before relaxing)
 .literal       0x0000000040105b7c        0x0 ../../libc/xtensa-lx106-elf/lib/libc.a(lib_a-malloc.o)
                                         0x10 (size before relaxing)
 .literal       0x0000000040105b7c        0x8 ../../libc/xtensa-lx106-elf/lib/libc.a(lib_a-nano-mallocr.o)
                                         0x14 (size before relaxing)
 .literal       0x0000000040105b84        0x0 ../../libc/xtensa-lx106-elf/lib/libc.a(lib_a-nano-freer.o)
                                          0x4 (size before relaxing)
 .literal       0x0000000040105b84       0x24 ../../libc/xtensa-lx106-elf/lib/libc.a(lib_a-rand.o)
                                         0x58 (size before relaxing)
 .literal       0x0000000040105ba8        0x0 ../../libc/xtensa-lx106-elf/lib/libc.a(lib_a-printf.o)
                                         0x14 (size before relaxing)
 .literal       0x0000000040105ba8        0x0 ../../libc/xtensa-lx106-elf/lib/libc.a(lib_a-sprintf.o)
                                         0x14 (size before relaxing)
 .literal       0x0000000040105ba8       0x20 ../../libc/xtensa-lx106-elf/lib/libc.a(lib_a-nano-svfprintf.o)
                                         0x54 (size before relaxing)
 .literal       0x0000000040105bc8       0x28 ../../libc/xtensa-lx106-elf/lib/libc.a(lib_a-nano-vfprintf.o)
                                         0x60 (size before relaxing)
 .literal       0x0000000040105bf0        0x0 ../../libc/xtensa-lx106-elf/lib/libc.a(lib_a-fprintf.o)
                                          0xc (size before relaxing)
 .literal       0x0000000040105bf0       0x34 ../../libc/xtensa-lx106-elf/lib/libc.a(lib_a-findfp.o)
                                         0x80 (size before relaxing)
 .literal       0x0000000040105c24        0x8 ../../libc/xtensa-lx106-elf/lib/libc.a(lib_a-fputwc.o)
                                         0x2c (size before relaxing)
 .text          0x0000000040105c2c       0x36 /home/faner/esp-open-sdk/xtensa-lx106-elf/lib/gcc/xtensa-lx106-elf/4.8.2/libgcc.a(_muldi3.o)
                0x0000000040105c2c                __muldi3
 *fill*         0x0000000040105c62        0x2 
 .text          0x0000000040105c64      0x3eb /home/faner/esp-open-sdk/xtensa-lx106-elf/lib/gcc/xtensa-lx106-elf/4.8.2/libgcc.a(_divdi3.o)
                                        0x41b (size before relaxing)
                0x0000000040105c64                __divdi3
 *fill*         0x000000004010604f        0x1 
 .text          0x0000000040106050      0x33a /home/faner/esp-open-sdk/xtensa-lx106-elf/lib/gcc/xtensa-lx106-elf/4.8.2/libgcc.a(_umoddi3.o)
                                        0x366 (size before relaxing)
                0x0000000040106050                __umoddi3
 *fill*         0x000000004010638a        0x2 
 .text          0x000000004010638c      0x38d /home/faner/esp-open-sdk/xtensa-lx106-elf/lib/gcc/xtensa-lx106-elf/4.8.2/libgcc.a(_udivdi3.o)
                                        0x3b5 (size before relaxing)
                0x000000004010638c                __udivdi3
 *fill*         0x0000000040106719        0x3 
 .text          0x000000004010671c       0x64 /home/faner/esp-open-sdk/xtensa-lx106-elf/lib/gcc/xtensa-lx106-elf/4.8.2/libgcc.a(_divsi3.o)
                0x000000004010671c                __divsi3
 .text          0x0000000040106780       0x49 /home/faner/esp-open-sdk/xtensa-lx106-elf/lib/gcc/xtensa-lx106-elf/4.8.2/libgcc.a(_modsi3.o)
                0x0000000040106780                __modsi3
 *fill*         0x00000000401067c9        0x3 
 .text          0x00000000401067cc       0x4c /home/faner/esp-open-sdk/xtensa-lx106-elf/lib/gcc/xtensa-lx106-elf/4.8.2/libgcc.a(_udivsi3.o)
                0x00000000401067cc                __udivsi3
 .text          0x0000000040106818       0x39 /home/faner/esp-open-sdk/xtensa-lx106-elf/lib/gcc/xtensa-lx106-elf/4.8.2/libgcc.a(_umodsi3.o)
                0x0000000040106818                __umodsi3
 *fill*         0x0000000040106851        0x3 
 .text          0x0000000040106854       0x18 /home/faner/esp-open-sdk/xtensa-lx106-elf/lib/gcc/xtensa-lx106-elf/4.8.2/libgcc.a(_ashrdi3.o)
                0x0000000040106854                __ashrdi3
 *fill*         0x000000004010686c        0x0 
 *fill*         0x000000004010686c        0x0 
 *fill*         0x000000004010686c        0x0 
 .text          0x000000004010686c       0x48 /home/faner/esp-open-sdk/xtensa-lx106-elf/lib/gcc/xtensa-lx106-elf/4.8.2/libgcc.a(_umulsidi3.o)
                0x000000004010686c                __umulsidi3
 *libc.a:*malloc.o(.literal .text .literal.* .text.*)
 .text          0x00000000401068b4       0x35 ../../libc/xtensa-lx106-elf/lib/libc.a(lib_a-malloc.o)
                0x00000000401068b4                malloc
                0x00000000401068d0                free
 *fill*         0x00000000401068e9        0x0 
 *libc.a:*mallocr.o(.literal .text .literal.* .text.*)
 *fill*         0x00000000401068e9        0x3 
 .text          0x00000000401068ec       0xd1 ../../libc/xtensa-lx106-elf/lib/libc.a(lib_a-nano-mallocr.o)
                                         0xd5 (size before relaxing)
                0x00000000401068ec                _malloc_r
 *fill*         0x00000000401069bd        0x0 
 *libc.a:*freer.o(.literal .text .literal.* .text.*)
 *fill*         0x00000000401069bd        0x3 
 .text          0x00000000401069c0       0x87 ../../libc/xtensa-lx106-elf/lib/libc.a(lib_a-nano-freer.o)
                0x00000000401069c0                _free_r
 *fill*         0x0000000040106a47        0x0 
 *libc.a:*memcpy.o(.literal .text .literal.* .text.*)
 *fill*         0x0000000040106a47        0x1 
 .text          0x0000000040106a48      0x145 ../../libc/xtensa-lx106-elf/lib/libc.a(lib_a-memcpy.o)
                0x0000000040106a8c                memcpy
 *libc.a:*memset.o(.literal .text .literal.* .text.*)
 *fill*         0x0000000040106b8d        0x3 
 .text          0x0000000040106b90       0x7c ../../libc/xtensa-lx106-elf/lib/libc.a(lib_a-memset.o)
                0x0000000040106bbc                memset
 *libc.a:*memcmp.o(.literal .text .literal.* .text.*)
 .text          0x0000000040106c0c       0x23 ../../libc/xtensa-lx106-elf/lib/libc.a(lib_a-memcmp.o)
                0x0000000040106c0c                memcmp
 *libc.a:*memmove.o(.literal .text .literal.* .text.*)
 *fill*         0x0000000040106c2f        0x1 
 .text          0x0000000040106c30       0x3b ../../libc/xtensa-lx106-elf/lib/libc.a(lib_a-memmove.o)
                0x0000000040106c30                memmove
 *libc.a:*rand.o(.literal .text .literal.* .text.*)
 *fill*         0x0000000040106c6b        0x1 
 .text          0x0000000040106c6c       0xdd ../../libc/xtensa-lx106-elf/lib/libc.a(lib_a-rand.o)
                                         0xe1 (size before relaxing)
                0x0000000040106c6c                srand
                0x0000000040106cd0                rand
 *fill*         0x0000000040106d49        0x0 
 *libc.a:*bzero.o(.literal .text .literal.* .text.*)
 *fill*         0x0000000040106d49        0x3 
 .text          0x0000000040106d4c       0x12 ../../libc/xtensa-lx106-elf/lib/libc.a(lib_a-bzero.o)
                0x0000000040106d4c                bzero
 *libc.a:*lock.o(.literal .text .literal.* .text.*)
 *fill*         0x0000000040106d5e        0x2 
 .text          0x0000000040106d60        0x8 ../../libc/xtensa-lx106-elf/lib/libc.a(lock.o)
                0x0000000040106d60                _lock_close_recursive
                0x0000000040106d60                __dummy_lock
                0x0000000040106d60                _lock_init_recursive
                0x0000000040106d60                _lock_close
                0x0000000040106d60                _lock_init
                0x0000000040106d64                __dummy_lock_try
 *libc.a:*printf.o(.literal .text .literal.* .text.*)
 .text          0x0000000040106d68       0x99 ../../libc/xtensa-lx106-elf/lib/libc.a(lib_a-printf.o)
                0x0000000040106d68                _printf_r
                0x0000000040106d68                _iprintf_r
                0x0000000040106db4                printf
                0x0000000040106db4                iprintf
 *fill*         0x0000000040106e01        0x3 
 .text          0x0000000040106e04       0xb5 ../../libc/xtensa-lx106-elf/lib/libc.a(lib_a-sprintf.o)
                                         0xb9 (size before relaxing)
                0x0000000040106e04                _siprintf_r
                0x0000000040106e04                _sprintf_r
                0x0000000040106e5c                sprintf
                0x0000000040106e5c                siprintf
 *fill*         0x0000000040106eb9        0x3 
 .text          0x0000000040106ebc      0x4b1 ../../libc/xtensa-lx106-elf/lib/libc.a(lib_a-nano-svfprintf.o)
                                        0x4b5 (size before relaxing)
                0x0000000040106ebc                __ssputs_r
                0x0000000040106fb4                __ssprint_r
                0x00000000401070e8                _svfprintf_r
                0x00000000401070e8                _svfiprintf_r
 *fill*         0x000000004010736d        0x3 
 .text          0x0000000040107370      0x447 ../../libc/xtensa-lx106-elf/lib/libc.a(lib_a-nano-vfprintf.o)
                                        0x44b (size before relaxing)
                0x00000000401073a8                __sfputs_r
                0x0000000040107418                __sprint_r
                0x00000000401074a8                _vfiprintf_r
                0x00000000401074a8                _vfprintf_r
                0x0000000040107790                vfiprintf
                0x0000000040107790                vfprintf
 *fill*         0x00000000401077b7        0x1 
 .text          0x00000000401077b8       0x57 ../../libc/xtensa-lx106-elf/lib/libc.a(lib_a-fprintf.o)
                                         0x5b (size before relaxing)
                0x00000000401077b8                _fprintf_r
                0x00000000401077b8                _fiprintf_r
                0x00000000401077dc                fprintf
                0x00000000401077dc                fiprintf
 *fill*         0x000000004010780f        0x0 
 *fill*         0x000000004010780f        0x0 
 *fill*         0x000000004010780f        0x0 
 *fill*         0x000000004010780f        0x0 
 *libc.a:*findfp.o(.literal .text .literal.* .text.*)
 *fill*         0x000000004010780f        0x1 
 .text          0x0000000040107810      0x2ae ../../libc/xtensa-lx106-elf/lib/libc.a(lib_a-findfp.o)
                                        0x2c6 (size before relaxing)
                0x0000000040107810                _cleanup_r
                0x00000000401078ac                __sfmoreglue
                0x00000000401078f0                _cleanup
                0x0000000040107904                __sfp_lock_acquire
                0x000000004010791c                __sfp_lock_release
                0x0000000040107934                __sinit_lock_acquire
                0x000000004010794c                __sinit_lock_release
                0x0000000040107964                __sinit
                0x00000000401079d4                __sfp
                0x0000000040107a80                __fp_lock_all
                0x0000000040107aa0                __fp_unlock_all
 *fill*         0x0000000040107abe        0x0 
 *libc.a:*fputwc.o(.literal .text .literal.* .text.*)
 *fill*         0x0000000040107abe        0x2 
 .text          0x0000000040107ac0      0x196 ../../libc/xtensa-lx106-elf/lib/libc.a(lib_a-fputwc.o)
                                        0x19e (size before relaxing)
                0x0000000040107ac0                __fputwc
                0x0000000040107b90                _fputwc_r
                0x0000000040107c00                fputwc
 *fill*         0x0000000040107c56        0x0 
 *libhal.a:*set_intset.o(.literal .text .literal.* .text.*)
 *fill*         0x0000000040107c56        0x2 
 .text          0x0000000040107c58        0x5 /home/faner/esp-open-sdk/xtensa-lx106-elf/xtensa-lx106-elf/sysroot/usr/lib/libhal.a(int_asm--set_intset.o)
                0x0000000040107c58                xthal_set_intset
 *(.stub .gnu.warning .gnu.linkonce.literal.* .gnu.linkonce.t.*.literal .gnu.linkonce.t.*)
 *(.fini.literal)
 *(.fini)
 *(.gnu.version)
                0x0000000040107c5d                _text_end = ABSOLUTE (.)
                0x0000000040107c5d                _etext = .

.irom0.text     0x0000000040220000    0x369f0
                0x0000000040220000                _irom0_text_start = ABSOLUTE (.)
 *(.literal .text .literal.* .text.*)
 .text.dump_flash_sector
                0x0000000040220000       0xb0 ./build/core.a(app_main.o)
                                         0xbc (size before relaxing)
 .text.sdk_user_init_task
                0x00000000402200b0       0xdb ./build/core.a(app_main.o)
                                        0x143 (size before relaxing)
                0x00000000402200d8                sdk_user_init_task
 *fill*         0x000000004022018b        0x1 
 .text.sdk_wdt_init
                0x000000004022018c       0x77 ./build/core.a(app_main.o)
                                         0x7b (size before relaxing)
                0x0000000040220194                sdk_wdt_init
 *fill*         0x0000000040220203        0x1 
 .literal       0x0000000040220204       0x24 ../../libc/xtensa-lx106-elf/lib/libc.a(lib_a-nano-vfprintf_float.o)
                                         0x5c (size before relaxing)
 .literal       0x0000000040220228       0x10 ../../libc/xtensa-lx106-elf/lib/libc.a(lib_a-nano-vfprintf_i.o)
                                         0x14 (size before relaxing)
 .literal       0x0000000040220238        0x8 ../../libc/xtensa-lx106-elf/lib/libc.a(lib_a-nano-vfscanf_float.o)
                                         0x1c (size before relaxing)
 .literal       0x0000000040220240        0x8 ../../libc/xtensa-lx106-elf/lib/libc.a(lib_a-putchar.o)
                                         0x14 (size before relaxing)
 .literal       0x0000000040220248       0x14 ../../libc/xtensa-lx106-elf/lib/libc.a(lib_a-putc.o)
                                         0x20 (size before relaxing)
 .literal       0x000000004022025c        0xc ../../libc/xtensa-lx106-elf/lib/libc.a(lib_a-puts.o)
                                         0x24 (size before relaxing)
 .literal       0x0000000040220268        0x0 ../../libc/xtensa-lx106-elf/lib/libc.a(lib_a-setbuf.o)
                                          0x4 (size before relaxing)
 .literal       0x0000000040220268        0x8 ../../libc/xtensa-lx106-elf/lib/libc.a(lib_a-setvbuf.o)
                                         0x30 (size before relaxing)
 .literal       0x0000000040220270        0x4 ../../libc/xtensa-lx106-elf/lib/libc.a(lib_a-sf_nan.o)
 .literal       0x0000000040220274       0x14 ../../libc/xtensa-lx106-elf/lib/libc.a(lib_a-s_fpclassify.o)
                                         0x18 (size before relaxing)
 .literal       0x0000000040220288        0xc ../../libc/xtensa-lx106-elf/lib/libc.a(lib_a-strlen.o)
 .literal       0x0000000040220294       0x8c ../../libc/xtensa-lx106-elf/lib/libc.a(lib_a-strtod.o)
                                        0x1f8 (size before relaxing)
 .literal.unlikely
                0x0000000040220320        0x0 ../../libc/xtensa-lx106-elf/lib/libc.a(lib_a-strtod.o)
                                          0xc (size before relaxing)
 .literal       0x0000000040220320        0x4 ../../libc/xtensa-lx106-elf/lib/libc.a(lib_a-strtol.o)
                                         0x18 (size before relaxing)
 .literal       0x0000000040220324        0x0 ../../libc/xtensa-lx106-elf/lib/libc.a(lib_a-wbuf.o)
                                         0x28 (size before relaxing)
 .literal       0x0000000040220324        0x0 ../../libc/xtensa-lx106-elf/lib/libc.a(lib_a-wsetup.o)
                                         0x1c (size before relaxing)
 .literal       0x0000000040220324       0x44 ../../libc/xtensa-lx106-elf/lib/libc.a(lib_a-dtoa.o)
                                        0x214 (size before relaxing)
 .literal       0x0000000040220368       0x14 ../../libc/xtensa-lx106-elf/lib/libc.a(lib_a-fflush.o)
                                         0x38 (size before relaxing)
 .literal       0x000000004022037c        0xc ../../libc/xtensa-lx106-elf/lib/libc.a(lib_a-fvwrite.o)
                                         0x40 (size before relaxing)
 .literal       0x0000000040220388        0x0 ../../libc/xtensa-lx106-elf/lib/libc.a(lib_a-gdtoa-gethex.o)
                                         0x48 (size before relaxing)
 .literal       0x0000000040220388        0x0 ../../libc/xtensa-lx106-elf/lib/libc.a(lib_a-gdtoa-hexnan.o)
                                          0x4 (size before relaxing)
 .literal       0x0000000040220388       0x1c ../../libc/xtensa-lx106-elf/lib/libc.a(lib_a-locale.o)
                                         0x30 (size before relaxing)
 .literal       0x00000000402203a4        0xc ../../libc/xtensa-lx106-elf/lib/libc.a(lib_a-makebuf.o)
                                         0x20 (size before relaxing)
 .literal       0x00000000402203b0       0x1c ../../libc/xtensa-lx106-elf/lib/libc.a(lib_a-mprec.o)
                                         0x74 (size before relaxing)
 .literal       0x00000000402203cc        0x4 ../../libc/xtensa-lx106-elf/lib/libc.a(lib_a-nano-callocr.o)
                                          0x8 (size before relaxing)
 .literal       0x00000000402203d0        0x0 ../../libc/xtensa-lx106-elf/lib/libc.a(lib_a-nano-reallocr.o)
                                         0x18 (size before relaxing)
 .literal       0x00000000402203d0        0x4 ../../libc/xtensa-lx106-elf/lib/libc.a(lib_a-stdio.o)
                                         0x24 (size before relaxing)
 .literal       0x00000000402203d4        0xc ../../libc/xtensa-lx106-elf/lib/libc.a(lib_a-strcmp.o)
                                         0x20 (size before relaxing)
 .literal       0x00000000402203e0        0x0 ../../libc/xtensa-lx106-elf/lib/libc.a(isatty.o)
                                          0x8 (size before relaxing)
 .literal       0x00000000402203e0        0xc ../../libc/xtensa-lx106-elf/lib/libc.a(lib_a-fclose.o)
                                         0x3c (size before relaxing)
 .literal       0x00000000402203ec        0x4 ../../libc/xtensa-lx106-elf/lib/libc.a(lib_a-wcrtomb.o)
                                         0x10 (size before relaxing)
 .literal       0x00000000402203f0        0x0 ../../libc/xtensa-lx106-elf/lib/libc.a(lib_a-wctomb_r.o)
                                          0x8 (size before relaxing)
 .literal       0x00000000402203f0        0x8 /home/faner/esp-open-sdk/xtensa-lx106-elf/lib/gcc/xtensa-lx106-elf/4.8.2/libgcc.a(_addsubsf3.o)
                                          0xc (size before relaxing)
 .literal       0x00000000402203f8        0x4 /home/faner/esp-open-sdk/xtensa-lx106-elf/lib/gcc/xtensa-lx106-elf/4.8.2/libgcc.a(_mulsf3.o)
                                         0x10 (size before relaxing)
 .literal       0x00000000402203fc        0x0 /home/faner/esp-open-sdk/xtensa-lx106-elf/lib/gcc/xtensa-lx106-elf/4.8.2/libgcc.a(_divsf3.o)
                                         0x10 (size before relaxing)
 .literal       0x00000000402203fc        0x0 /home/faner/esp-open-sdk/xtensa-lx106-elf/lib/gcc/xtensa-lx106-elf/4.8.2/libgcc.a(_fixsfsi.o)
                                          0x4 (size before relaxing)
 .literal       0x00000000402203fc        0x0 /home/faner/esp-open-sdk/xtensa-lx106-elf/lib/gcc/xtensa-lx106-elf/4.8.2/libgcc.a(_fixunssfsi.o)
                                          0x4 (size before relaxing)
 .literal       0x00000000402203fc        0x0 /home/faner/esp-open-sdk/xtensa-lx106-elf/lib/gcc/xtensa-lx106-elf/4.8.2/libgcc.a(_addsubdf3.o)
                                          0xc (size before relaxing)
 .literal       0x00000000402203fc        0x4 /home/faner/esp-open-sdk/xtensa-lx106-elf/lib/gcc/xtensa-lx106-elf/4.8.2/libgcc.a(_muldf3.o)
                                         0x10 (size before relaxing)
 .literal       0x0000000040220400        0x0 /home/faner/esp-open-sdk/xtensa-lx106-elf/lib/gcc/xtensa-lx106-elf/4.8.2/libgcc.a(_divdf3.o)
                                         0x10 (size before relaxing)
 .literal       0x0000000040220400        0x0 /home/faner/esp-open-sdk/xtensa-lx106-elf/lib/gcc/xtensa-lx106-elf/4.8.2/libgcc.a(_cmpdf2.o)
                                         0x18 (size before relaxing)
 .literal       0x0000000040220400        0x0 /home/faner/esp-open-sdk/xtensa-lx106-elf/lib/gcc/xtensa-lx106-elf/4.8.2/libgcc.a(_fixdfsi.o)
                                          0x4 (size before relaxing)
 .literal       0x0000000040220400        0x0 /home/faner/esp-open-sdk/xtensa-lx106-elf/lib/gcc/xtensa-lx106-elf/4.8.2/libgcc.a(_fixunsdfsi.o)
                                          0x4 (size before relaxing)
 .literal       0x0000000040220400        0x4 /home/faner/esp-open-sdk/xtensa-lx106-elf/lib/gcc/xtensa-lx106-elf/4.8.2/libgcc.a(_truncdfsf2.o)
                                          0x8 (size before relaxing)
 .literal       0x0000000040220404        0x0 /home/faner/esp-open-sdk/xtensa-lx106-elf/lib/gcc/xtensa-lx106-elf/4.8.2/libgcc.a(_extendsfdf2.o)
                                          0x8 (size before relaxing)
 .literal       0x0000000040220404        0x4 /home/faner/esp-open-sdk/xtensa-lx106-elf/lib/gcc/xtensa-lx106-elf/4.8.2/libgcc.a(_popcountsi2.o)
 .literal       0x0000000040220408        0x0 ../../libc/xtensa-lx106-elf/lib/libc.a(lib_a-calloc.o)
                                          0x8 (size before relaxing)
 .literal       0x0000000040220408        0x8 ../../libc/xtensa-lx106-elf/lib/libc.a(lib_a-mstats.o)
                                         0x2c (size before relaxing)
 .literal       0x0000000040220410       0x10 ../../libc/xtensa-lx106-elf/lib/libc.a(lib_a-nano-mallinfor.o)
                                         0x14 (size before relaxing)
 .literal       0x0000000040220420        0xc ../../libc/xtensa-lx106-elf/lib/libc.a(lib_a-nano-mallstatsr.o)
                                         0x24 (size before relaxing)
 .literal       0x000000004022042c        0x0 ../../libc/xtensa-lx106-elf/lib/libc.a(lib_a-realloc.o)
                                          0x8 (size before relaxing)
 .literal       0x000000004022042c        0x0 ../../libc/xtensa-lx106-elf/lib/libc.a(lib_a-strcoll.o)
                                          0x4 (size before relaxing)
 .literal       0x000000004022042c        0x0 ../../libc/xtensa-lx106-elf/lib/libc.a(lib_a-strcpy.o)
                                          0xc (size before relaxing)
 .literal       0x000000004022042c        0x0 ../../libc/xtensa-lx106-elf/lib/libc.a(lib_a-strncpy.o)
                                          0xc (size before relaxing)
 .literal       0x000000004022042c        0x0 ../../libc/xtensa-lx106-elf/lib/libc.a(lib_a-strrchr.o)
                                          0x8 (size before relaxing)
 .literal       0x000000004022042c        0x0 ../../libc/xtensa-lx106-elf/lib/libc.a(lib_a-strtoul.o)
                                         0x10 (size before relaxing)
 .literal       0x000000004022042c        0x0 ../../libc/xtensa-lx106-elf/lib/libc.a(lib_a-syssbrk.o)
                                          0x8 (size before relaxing)
 .literal       0x000000004022042c        0x8 ../../libc/xtensa-lx106-elf/lib/libc.a(lib_a-s_frexp.o)
                                         0x20 (size before relaxing)
 .literal       0x0000000040220434        0x0 ../../libc/xtensa-lx106-elf/lib/libc.a(lib_a-s_ldexp.o)
                                         0x20 (size before relaxing)
 .literal       0x0000000040220434        0x0 ../../libc/xtensa-lx106-elf/lib/libc.a(lib_a-s_modf.o)
                                          0xc (size before relaxing)
 .literal       0x0000000040220434       0x1c ../../libc/xtensa-lx106-elf/lib/libc.a(lib_a-s_scalbn.o)
                                         0x40 (size before relaxing)
 .literal       0x0000000040220450        0x0 ../../libc/xtensa-lx106-elf/lib/libc.a(lib_a-errno.o)
                                          0x4 (size before relaxing)
 .literal       0x0000000040220450        0x0 ../../libc/xtensa-lx106-elf/lib/libc.a(lib_a-s_copysign.o)
                                          0x8 (size before relaxing)
 .literal       0x0000000040220450        0x0 ../../libc/xtensa-lx106-elf/lib/libc.a(lib_a-s_finite.o)
                                          0x8 (size before relaxing)
 .text          0x0000000040220450      0x694 ../../libc/xtensa-lx106-elf/lib/libc.a(lib_a-nano-vfprintf_float.o)
                                        0x6b0 (size before relaxing)
                0x0000000040220450                __cvt
                0x000000004022054c                __exponent
                0x00000000402205e8                _printf_float
 .text          0x0000000040220ae4      0x4bb ../../libc/xtensa-lx106-elf/lib/libc.a(lib_a-nano-vfprintf_i.o)
                                        0x4bf (size before relaxing)
                0x0000000040220ae4                _printf_common
                0x0000000040220bec                _printf_i
 *fill*         0x0000000040220f9f        0x1 
 .text          0x0000000040220fa0      0x4c0 ../../libc/xtensa-lx106-elf/lib/libc.a(lib_a-nano-vfscanf_float.o)
                                        0x4c4 (size before relaxing)
                0x0000000040220fa0                _scanf_float
 .text          0x0000000040221460       0x65 ../../libc/xtensa-lx106-elf/lib/libc.a(lib_a-putchar.o)
                0x0000000040221460                _putchar_r
                0x0000000040221490                putchar
 *fill*         0x00000000402214c5        0x3 
 .text          0x00000000402214c8       0xd7 ../../libc/xtensa-lx106-elf/lib/libc.a(lib_a-putc.o)
                0x00000000402214c8                _putc_r
                0x0000000040221584                putc
 *fill*         0x000000004022159f        0x1 
 .text          0x00000000402215a0       0xbf ../../libc/xtensa-lx106-elf/lib/libc.a(lib_a-puts.o)
                0x00000000402215a0                _puts_r
                0x0000000040221648                puts
 *fill*         0x000000004022165f        0x1 
 .text          0x0000000040221660       0x1c ../../libc/xtensa-lx106-elf/lib/libc.a(lib_a-setbuf.o)
                0x0000000040221660                setbuf
 .text          0x000000004022167c      0x175 ../../libc/xtensa-lx106-elf/lib/libc.a(lib_a-setvbuf.o)
                                        0x179 (size before relaxing)
                0x000000004022167c                setvbuf
 *fill*         0x00000000402217f1        0x3 
 .text          0x00000000402217f4        0x5 ../../libc/xtensa-lx106-elf/lib/libc.a(lib_a-sf_nan.o)
                0x00000000402217f4                nanf
 *fill*         0x00000000402217f9        0x3 
 .text          0x00000000402217fc       0x4c ../../libc/xtensa-lx106-elf/lib/libc.a(lib_a-s_fpclassify.o)
                0x00000000402217fc                __fpclassifyd
 .text          0x0000000040221848       0x5b ../../libc/xtensa-lx106-elf/lib/libc.a(lib_a-strlen.o)
                0x0000000040221848                strlen
 *fill*         0x00000000402218a3        0x1 
 .text          0x00000000402218a4      0xda7 ../../libc/xtensa-lx106-elf/lib/libc.a(lib_a-strtod.o)
                                        0xe6f (size before relaxing)
                0x00000000402218d4                _strtod_r
                0x00000000402225f0                strtod
                0x000000004022260c                strtof
 *fill*         0x000000004022264b        0x1 
 .text.unlikely
                0x000000004022264c       0x3d ../../libc/xtensa-lx106-elf/lib/libc.a(lib_a-strtod.o)
                                         0x41 (size before relaxing)
 *fill*         0x0000000040222689        0x3 
 .text          0x000000004022268c      0x15f ../../libc/xtensa-lx106-elf/lib/libc.a(lib_a-strtol.o)
                0x000000004022268c                _strtol_r
                0x00000000402227cc                strtol
 *fill*         0x00000000402227eb        0x1 
 .text          0x00000000402227ec       0xf7 ../../libc/xtensa-lx106-elf/lib/libc.a(lib_a-wbuf.o)
                                         0xff (size before relaxing)
                0x00000000402227ec                __swbuf_r
                0x00000000402228c8                __swbuf
 *fill*         0x00000000402228e3        0x1 
 .text          0x00000000402228e4       0xef ../../libc/xtensa-lx106-elf/lib/libc.a(lib_a-wsetup.o)
                0x00000000402228e4                __swsetup_r
 *fill*         0x00000000402229d3        0x1 
 .text          0x00000000402229d4      0xd66 ../../libc/xtensa-lx106-elf/lib/libc.a(lib_a-dtoa.o)
                                        0xe7a (size before relaxing)
                0x0000000040222b14                _dtoa_r
 *fill*         0x000000004022373a        0x2 
 .text          0x000000004022373c      0x213 ../../libc/xtensa-lx106-elf/lib/libc.a(lib_a-fflush.o)
                                        0x217 (size before relaxing)
                0x000000004022373c                __sflush_r
                0x000000004022389c                _fflush_r
                0x0000000040223928                fflush
 *fill*         0x000000004022394f        0x1 
 .text          0x0000000040223950      0x32c ../../libc/xtensa-lx106-elf/lib/libc.a(lib_a-fvwrite.o)
                                        0x334 (size before relaxing)
                0x0000000040223950                __sfvwrite_r
 .text          0x0000000040223c7c      0x558 ../../libc/xtensa-lx106-elf/lib/libc.a(lib_a-gdtoa-gethex.o)
                                        0x570 (size before relaxing)
                0x0000000040223cf0                __hexdig_fun
                0x0000000040223d28                __gethex
 .text          0x00000000402241d4      0x165 ../../libc/xtensa-lx106-elf/lib/libc.a(lib_a-gdtoa-hexnan.o)
                0x0000000040224200                __hexnan
 *fill*         0x0000000040224339        0x3 
 .text          0x000000004022433c       0x8d ../../libc/xtensa-lx106-elf/lib/libc.a(lib_a-locale.o)
                                         0x95 (size before relaxing)
                0x000000004022433c                _setlocale_r
                0x0000000040224384                __locale_charset
                0x000000004022438c                __locale_mb_cur_max
                0x0000000040224394                __locale_msgcharset
                0x000000004022439c                __locale_cjk_lang
                0x00000000402243a0                _localeconv_r
                0x00000000402243a8                setlocale
                0x00000000402243c4                localeconv
 *fill*         0x00000000402243c9        0x3 
 .text          0x00000000402243cc      0x104 ../../libc/xtensa-lx106-elf/lib/libc.a(lib_a-makebuf.o)
                                        0x108 (size before relaxing)
                0x00000000402243cc                __smakebuf_r
 .text          0x00000000402244d0      0x966 ../../libc/xtensa-lx106-elf/lib/libc.a(lib_a-mprec.o)
                                        0x96e (size before relaxing)
                0x00000000402244d0                _Balloc
                0x000000004022455c                _Bfree
                0x00000000402245a4                __multadd
                0x0000000040224634                __s2b
                0x00000000402246d0                __hi0bits
                0x0000000040224718                __lo0bits
                0x0000000040224780                __i2b
                0x00000000402247a0                __multiply
                0x00000000402248c4                __pow5mult
                0x0000000040224980                __lshift
                0x0000000040224a40                __mcmp
                0x0000000040224a78                __mdiff
                0x0000000040224b58                __ulp
                0x0000000040224b9c                __b2d
                0x0000000040224c5c                __d2b
                0x0000000040224d20                __ratio
                0x0000000040224d84                _mprec_log10
                0x0000000040224dbc                __copybits
                0x0000000040224dec                __any_on
 *fill*         0x0000000040224e36        0x2 
 .text          0x0000000040224e38       0x2f ../../libc/xtensa-lx106-elf/lib/libc.a(lib_a-nano-callocr.o)
                0x0000000040224e38                _calloc_r
 *fill*         0x0000000040224e67        0x1 
 .text          0x0000000040224e68       0x73 ../../libc/xtensa-lx106-elf/lib/libc.a(lib_a-nano-reallocr.o)
                0x0000000040224e68                _realloc_r
 *fill*         0x0000000040224edb        0x1 
 .text          0x0000000040224edc       0xe1 ../../libc/xtensa-lx106-elf/lib/libc.a(lib_a-stdio.o)
                                         0xed (size before relaxing)
                0x0000000040224edc                __sread
                0x0000000040224f14                __seofread
                0x0000000040224f18                __swrite
                0x0000000040224f6c                __sseek
                0x0000000040224fa8                __sclose
 *fill*         0x0000000040224fbd        0x3 
 .text          0x0000000040224fc0       0xff ../../libc/xtensa-lx106-elf/lib/libc.a(lib_a-strcmp.o)
                0x0000000040224fc0                strcmp
 *fill*         0x00000000402250bf        0x1 
 .text          0x00000000402250c0       0x30 ../../libc/xtensa-lx106-elf/lib/libc.a(isatty.o)
                0x00000000402250c0                _isatty_r
 .text          0x00000000402250f0      0x10b ../../libc/xtensa-lx106-elf/lib/libc.a(lib_a-fclose.o)
                                        0x10f (size before relaxing)
                0x00000000402250f0                _fclose_r
                0x00000000402251e4                fclose
 *fill*         0x00000000402251fb        0x1 
 .text          0x00000000402251fc       0x7d ../../libc/xtensa-lx106-elf/lib/libc.a(lib_a-wcrtomb.o)
                0x00000000402251fc                _wcrtomb_r
                0x000000004022525c                wcrtomb
 *fill*         0x0000000040225279        0x3 
 .text          0x000000004022527c       0x5d ../../libc/xtensa-lx106-elf/lib/libc.a(lib_a-wctomb_r.o)
                0x000000004022527c                __ascii_wctomb
                0x000000004022529c                _wctomb_r
 *fill*         0x00000000402252d9        0x3 
 .text.task1    0x00000000402252dc       0x55 ./build/program.a(simple.o)
                                         0x69 (size before relaxing)
                0x00000000402252e8                task1
 *fill*         0x0000000040225331        0x3 
 .text.task2    0x0000000040225334       0x48 ./build/program.a(simple.o)
                                         0x63 (size before relaxing)
                0x0000000040225340                task2
 *fill*         0x000000004022537c        0x0 
 .text.user_init
                0x000000004022537c       0x88 ./build/program.a(simple.o)
                                         0xa8 (size before relaxing)
                0x0000000040225398                user_init
 .text.lua_main
                0x0000000040225404       0x4c ./build/lua.a(lua.o)
                                         0x5c (size before relaxing)
                0x0000000040225414                lua_main
 .text.index2adr
                0x0000000040225450       0xba ./build/lua.a(lapi.o)
 *fill*         0x000000004022550a        0x2 
 .text.lua_tolstring
                0x000000004022550c       0x6e ./build/lua.a(lapi.o)
                                         0x8a (size before relaxing)
                0x000000004022550c                lua_tolstring
 *fill*         0x000000004022557a        0x2 
 .text.luaF_newLclosure
                0x000000004022557c       0x61 ./build/lua.a(lfunc.o)
                                         0x75 (size before relaxing)
                0x000000004022557c                luaF_newLclosure
 *fill*         0x00000000402255dd        0x3 
 .text.luaF_findupval
                0x00000000402255e0       0x94 ./build/lua.a(lfunc.o)
                                         0xa0 (size before relaxing)
                0x00000000402255e0                luaF_findupval
 .text.luaF_freeupval
                0x0000000040225674       0x25 ./build/lua.a(lfunc.o)
                                         0x2d (size before relaxing)
                0x0000000040225674                luaF_freeupval
 *fill*         0x0000000040225699        0x3 
 .text.luaF_close
                0x000000004022569c       0x79 ./build/lua.a(lfunc.o)
                                         0x81 (size before relaxing)
                0x000000004022569c                luaF_close
 *fill*         0x0000000040225715        0x3 
 .text.luaF_freeproto
                0x0000000040225718       0x85 ./build/lua.a(lfunc.o)
                                         0xb5 (size before relaxing)
                0x0000000040225718                luaF_freeproto
 *fill*         0x000000004022579d        0x3 
 .text.luaF_freeclosure
                0x00000000402257a0       0x30 ./build/lua.a(lfunc.o)
                                         0x34 (size before relaxing)
                0x00000000402257a0                luaF_freeclosure
 .text.resizenodevector
                0x00000000402257d0       0xdf ./build/lua.a(ltable.o)
                                         0xf3 (size before relaxing)
 *fill*         0x00000000402258af        0x1 
 .text.countint
                0x00000000402258b0       0x66 ./build/lua.a(ltable.o)
                                         0x82 (size before relaxing)
 *fill*         0x0000000040225916        0x2 
 .text.hashnum$isra$0$part$1
                0x0000000040225918       0x39 ./build/lua.a(ltable.o)
                                         0x3d (size before relaxing)
 *fill*         0x0000000040225951        0x3 
 .text.mainposition
                0x0000000040225954       0xa9 ./build/lua.a(ltable.o)
                                         0xbd (size before relaxing)
 *fill*         0x00000000402259fd        0x3 
 .text.setarrayvector$isra$6
                0x0000000040225a00       0x5f ./build/lua.a(ltable.o)
                                         0x6b (size before relaxing)
 *fill*         0x0000000040225a5f        0x1 
 .text.luaH_new
                0x0000000040225a60       0x94 ./build/lua.a(ltable.o)
                                         0xbc (size before relaxing)
                0x0000000040225a60                luaH_new
 .text.luaH_free
                0x0000000040225af4       0x51 ./build/lua.a(ltable.o)
                                         0x65 (size before relaxing)
                0x0000000040225af4                luaH_free
 *fill*         0x0000000040225b45        0x3 
 .text.luaH_getnum
                0x0000000040225b48       0x81 ./build/lua.a(ltable.o)
                                         0xa5 (size before relaxing)
                0x0000000040225b48                luaH_getnum
 *fill*         0x0000000040225bc9        0x3 
 .text.luaH_getstr
                0x0000000040225bcc       0x2e ./build/lua.a(ltable.o)
                                         0x32 (size before relaxing)
                0x0000000040225bcc                luaH_getstr
 *fill*         0x0000000040225bfa        0x2 
 .text.luaH_getstr_ro
                0x0000000040225bfc       0x35 ./build/lua.a(ltable.o)
                                         0x45 (size before relaxing)
                0x0000000040225bfc                luaH_getstr_ro
 *fill*         0x0000000040225c31        0x3 
 .text.luaH_get
                0x0000000040225c34       0x8f ./build/lua.a(ltable.o)
                                         0xc3 (size before relaxing)
                0x0000000040225c34                luaH_get
 *fill*         0x0000000040225cc3        0x1 
 .text.luaH_get_ro
                0x0000000040225cc4       0x69 ./build/lua.a(ltable.o)
                                         0x91 (size before relaxing)
                0x0000000040225cc4                luaH_get_ro
 *fill*         0x0000000040225d2d        0x3 
 .text.luaH_setnum
                0x0000000040225d30       0x43 ./build/lua.a(ltable.o)
                                         0x5b (size before relaxing)
                0x0000000040225d30                luaH_setnum
 *fill*         0x0000000040225d73        0x1 
 .text.resize   0x0000000040225d74      0x330 ./build/lua.a(ltable.o)
                                        0x3a8 (size before relaxing)
 .text.luaH_resizearray
                0x00000000402260a4       0x2a ./build/lua.a(ltable.o)
                                         0x32 (size before relaxing)
                0x00000000402260a4                luaH_resizearray
 *fill*         0x00000000402260ce        0x2 
 .text.newkey   0x00000000402260d0      0x201 ./build/lua.a(ltable.o)
                                        0x231 (size before relaxing)
 *fill*         0x00000000402262d1        0x3 
 .text.luaH_set
                0x00000000402262d4       0x6f ./build/lua.a(ltable.o)
                                         0x93 (size before relaxing)
                0x00000000402262dc                luaH_set
 *fill*         0x0000000040226343        0x1 
 .text.luaH_setstr
                0x0000000040226344       0x3d ./build/lua.a(ltable.o)
                                         0x4d (size before relaxing)
                0x0000000040226344                luaH_setstr
 *fill*         0x0000000040226381        0x3 
 .text.luaH_getn
                0x0000000040226384       0xbf ./build/lua.a(ltable.o)
                                         0xd7 (size before relaxing)
                0x0000000040226388                luaH_getn
 *fill*         0x0000000040226443        0x1 
 .text.luaH_getn_ro
                0x0000000040226444       0x36 ./build/lua.a(ltable.o)
                                         0x3a (size before relaxing)
                0x0000000040226444                luaH_getn_ro
 *fill*         0x000000004022647a        0x2 
 .text.luaM_toobig
                0x000000004022647c       0x1b ./build/lua.a(lmem.o)
                                         0x1f (size before relaxing)
                0x0000000040226480                luaM_toobig
 *fill*         0x0000000040226497        0x1 
 .text.luaM_realloc_
                0x0000000040226498       0x4c ./build/lua.a(lmem.o)
                                         0x50 (size before relaxing)
                0x0000000040226498                luaM_realloc_
 .text.panic    0x00000000402264e4       0x15 ./build/lua.a(lauxlib.o)
                                         0x1d (size before relaxing)
 *fill*         0x00000000402264f9        0x3 
 .text.l_alloc  0x00000000402264fc       0xe4 ./build/lua.a(lauxlib.o)
                                        0x108 (size before relaxing)
 .text.luaL_newstate
                0x00000000402265e0       0x3d ./build/lua.a(lauxlib.o)
                                         0x51 (size before relaxing)
                0x00000000402265e8                luaL_newstate
 *fill*         0x000000004022661d        0x3 
 .text.currentline
                0x0000000040226620       0x4d ./build/lua.a(ldebug.o)
                                         0x51 (size before relaxing)
 *fill*         0x000000004022666d        0x3 
 .text.symbexec
                0x0000000040226670      0x404 ./build/lua.a(ldebug.o)
                                        0x414 (size before relaxing)
 .text.kname$isra$3$part$4
                0x0000000040226a74       0x2b ./build/lua.a(ldebug.o)
 *fill*         0x0000000040226a9f        0x1 
 .text.getobjname
                0x0000000040226aa0      0x135 ./build/lua.a(ldebug.o)
                                        0x15d (size before relaxing)
 *fill*         0x0000000040226bd5        0x3 
 .text.luaG_errormsg
                0x0000000040226bd8       0x77 ./build/lua.a(ldebug.o)
                                         0x93 (size before relaxing)
                0x0000000040226bd8                luaG_errormsg
 *fill*         0x0000000040226c4f        0x1 
 .text.luaG_runerror
                0x0000000040226c50       0xd2 ./build/lua.a(ldebug.o)
                                         0xf2 (size before relaxing)
                0x0000000040226c54                luaG_runerror
 *fill*         0x0000000040226d22        0x2 
 .text.luaG_typeerror
                0x0000000040226d24       0x91 ./build/lua.a(ldebug.o)
                                         0x9d (size before relaxing)
                0x0000000040226d30                luaG_typeerror
 *fill*         0x0000000040226db5        0x3 
 .text.luaG_concaterror
                0x0000000040226db8       0x21 ./build/lua.a(ldebug.o)
                                         0x28 (size before relaxing)
                0x0000000040226dbc                luaG_concaterror
 *fill*         0x0000000040226dd9        0x3 
 .text.luaG_aritherror
                0x0000000040226ddc       0x39 ./build/lua.a(ldebug.o)
                                         0x45 (size before relaxing)
                0x0000000040226de0                luaG_aritherror
 *fill*         0x0000000040226e15        0x3 
 .text.luaG_ordererror
                0x0000000040226e18       0x46 ./build/lua.a(ldebug.o)
                                         0x52 (size before relaxing)
                0x0000000040226e20                luaG_ordererror
 *fill*         0x0000000040226e5e        0x2 
 .text.luaD_seterrorobj
                0x0000000040226e60       0x74 ./build/lua.a(ldo.o)
                                         0x78 (size before relaxing)
                0x0000000040226e68                luaD_seterrorobj
 .text.luaD_rawrunprotected
                0x0000000040226ed4       0x40 ./build/lua.a(ldo.o)
                                         0x44 (size before relaxing)
                0x0000000040226ed4                luaD_rawrunprotected
 .text.luaD_reallocstack
                0x0000000040226f14       0xcb ./build/lua.a(ldo.o)
                                         0xdb (size before relaxing)
                0x0000000040226f14                luaD_reallocstack
 *fill*         0x0000000040226fdf        0x1 
 .text.luaD_reallocCI
                0x0000000040226fe0       0x72 ./build/lua.a(ldo.o)
                                         0x7a (size before relaxing)
                0x0000000040226fe4                luaD_reallocCI
 *fill*         0x0000000040227052        0x2 
 .text.luaD_throw
                0x0000000040227054       0xa5 ./build/lua.a(ldo.o)
                                         0xbd (size before relaxing)
                0x000000004022705c                luaD_throw
 *fill*         0x00000000402270f9        0x3 
 .text.growCI   0x00000000402270fc       0x47 ./build/lua.a(ldo.o)
                                         0x5f (size before relaxing)
 *fill*         0x0000000040227143        0x1 
 .text.luaD_growstack
                0x0000000040227144       0x23 ./build/lua.a(ldo.o)
                                         0x2f (size before relaxing)
                0x0000000040227144                luaD_growstack
 *fill*         0x0000000040227167        0x1 
 .text.luaD_callhook
                0x0000000040227168       0xaa ./build/lua.a(ldo.o)
                                         0xb2 (size before relaxing)
                0x000000004022716c                luaD_callhook
 *fill*         0x0000000040227212        0x2 
 .text.luaD_poscall
                0x0000000040227214       0xe9 ./build/lua.a(ldo.o)
                                         0xf5 (size before relaxing)
                0x0000000040227214                luaD_poscall
 *fill*         0x00000000402272fd        0x3 
 .text.luaD_precall
                0x0000000040227300      0x39f ./build/lua.a(ldo.o)
                                        0x3ff (size before relaxing)
                0x0000000040227308                luaD_precall
 *fill*         0x000000004022769f        0x1 
 .text.luaD_call
                0x00000000402276a0       0x87 ./build/lua.a(ldo.o)
                                         0xa3 (size before relaxing)
                0x00000000402276a4                luaD_call
 *fill*         0x0000000040227727        0x1 
 .text.luaR_auxfind
                0x0000000040227728       0x61 ./build/lua.a(lrotable.o)
                                         0x65 (size before relaxing)
 *fill*         0x0000000040227789        0x3 
 .text.luaR_findentry
                0x000000004022778c        0xf ./build/lua.a(lrotable.o)
                                         0x17 (size before relaxing)
                0x000000004022778c                luaR_findentry
 *fill*         0x000000004022779b        0x1 
 .text.luaR_getmeta
                0x000000004022779c       0x2f ./build/lua.a(lrotable.o)
                                         0x33 (size before relaxing)
                0x00000000402277a0                luaR_getmeta
 *fill*         0x00000000402277cb        0x1 
 .text.luaR_getcstr
                0x00000000402277cc       0x3e ./build/lua.a(lrotable.o)
                                         0x42 (size before relaxing)
                0x00000000402277cc                luaR_getcstr
 *fill*         0x000000004022780a        0x2 
 .text.luaR_isrotable
                0x000000004022780c       0x20 ./build/lua.a(lrotable.o)
                0x0000000040227814                luaR_isrotable
 .text.stack_init
                0x000000004022782c       0x68 ./build/lua.a(lstate.o)
                                         0x74 (size before relaxing)
 .text.freestack
                0x0000000040227894       0x38 ./build/lua.a(lstate.o)
                                         0x44 (size before relaxing)
 .text.f_luaopen
                0x00000000402278cc       0x79 ./build/lua.a(lstate.o)
                                         0xa9 (size before relaxing)
 *fill*         0x0000000040227945        0x3 
 .text.close_state
                0x0000000040227948       0x5d ./build/lua.a(lstate.o)
                                         0x81 (size before relaxing)
 *fill*         0x00000000402279a5        0x3 
 .text.luaE_freethread
                0x00000000402279a8       0x33 ./build/lua.a(lstate.o)
                                         0x4b (size before relaxing)
                0x00000000402279a8                luaE_freethread
 *fill*         0x00000000402279db        0x1 
 .text.lua_newstate
                0x00000000402279dc      0x10f ./build/lua.a(lstate.o)
                                        0x11b (size before relaxing)
                0x00000000402279e0                lua_newstate
 *fill*         0x0000000040227aeb        0x1 
 .text.reallymarkobject
                0x0000000040227aec       0xcf ./build/lua.a(lgc.o)
                                         0xd3 (size before relaxing)
 *fill*         0x0000000040227bbb        0x1 
 .text.markmt   0x0000000040227bbc       0x46 ./build/lua.a(lgc.o)
                                         0x52 (size before relaxing)
 *fill*         0x0000000040227c02        0x2 
 .text.GCTM     0x0000000040227c04       0xbf ./build/lua.a(lgc.o)
                                         0xcf (size before relaxing)
 *fill*         0x0000000040227cc3        0x1 
 .text.sweeplist
                0x0000000040227cc4      0x14d ./build/lua.a(lgc.o)
                                        0x16d (size before relaxing)
 *fill*         0x0000000040227e11        0x3 
 .text.sweepstrstep
                0x0000000040227e14       0x45 ./build/lua.a(lgc.o)
                                         0x4d (size before relaxing)
 *fill*         0x0000000040227e59        0x3 
 .text.propagatemark
                0x0000000040227e5c      0x48c ./build/lua.a(lgc.o)
                                        0x50c (size before relaxing)
 .text.markroot$isra$2
                0x00000000402282e8       0x74 ./build/lua.a(lgc.o)
                                         0x88 (size before relaxing)
 .text.luaC_separateudata
                0x000000004022835c       0xb2 ./build/lua.a(lgc.o)
                                         0xbe (size before relaxing)
                0x000000004022835c                luaC_separateudata
 *fill*         0x000000004022840e        0x2 
 .text.singlestep
                0x0000000040228410      0x2cf ./build/lua.a(lgc.o)
                                        0x32b (size before relaxing)
 *fill*         0x00000000402286df        0x1 
 .text.luaC_freeall
                0x00000000402286e0       0x49 ./build/lua.a(lgc.o)
                                         0x55 (size before relaxing)
                0x00000000402286e0                luaC_freeall
 *fill*         0x0000000040228729        0x3 
 .text.luaC_step
                0x000000004022872c       0xbd ./build/lua.a(lgc.o)
                                         0xc5 (size before relaxing)
                0x0000000040228730                luaC_step
 *fill*         0x00000000402287e9        0x3 
 .text.luaC_sweepstrgc
                0x00000000402287ec       0x35 ./build/lua.a(lgc.o)
                                         0x39 (size before relaxing)
                0x00000000402287ec                luaC_sweepstrgc
 *fill*         0x0000000040228821        0x3 
 .text.luaC_fullgc
                0x0000000040228824       0x93 ./build/lua.a(lgc.o)
                                         0xab (size before relaxing)
                0x0000000040228824                luaC_fullgc
 *fill*         0x00000000402288b7        0x1 
 .text.luaC_barrierf
                0x00000000402288b8       0x33 ./build/lua.a(lgc.o)
                                         0x37 (size before relaxing)
                0x00000000402288b8                luaC_barrierf
 *fill*         0x00000000402288eb        0x1 
 .text.luaC_marknew
                0x00000000402288ec       0x20 ./build/lua.a(lgc.o)
                                         0x27 (size before relaxing)
                0x00000000402288ec                luaC_marknew
 *fill*         0x000000004022890c        0x0 
 .text.luaC_linkupval
                0x000000004022890c       0x54 ./build/lua.a(lgc.o)
                                         0x5c (size before relaxing)
                0x000000004022890c                luaC_linkupval
 .text.luaZ_openspace
                0x0000000040228960       0x4d ./build/lua.a(lzio.o)
                                         0x55 (size before relaxing)
                0x0000000040228960                luaZ_openspace
 *fill*         0x00000000402289ad        0x3 
 .text.luaS_resize
                0x00000000402289b0      0x102 ./build/lua.a(lstring.o)
                                        0x11e (size before relaxing)
                0x00000000402289b0                luaS_resize
 *fill*         0x0000000040228ab2        0x2 
 .text.luaS_newlstr_helper
                0x0000000040228ab4      0x17d ./build/lua.a(lstring.o)
                                        0x199 (size before relaxing)
 *fill*         0x0000000040228c31        0x3 
 .text.luaS_newlstr
                0x0000000040228c34       0x55 ./build/lua.a(lstring.o)
                                         0x71 (size before relaxing)
                0x0000000040228c34                luaS_newlstr
 *fill*         0x0000000040228c89        0x3 
 .text.pushstr  0x0000000040228c8c       0x46 ./build/lua.a(lobject.o)
                                         0x5a (size before relaxing)
 *fill*         0x0000000040228cd2        0x2 
 .text.luaO_log2
                0x0000000040228cd4       0x31 ./build/lua.a(lobject.o)
                                         0x35 (size before relaxing)
                0x0000000040228cd8                luaO_log2
 *fill*         0x0000000040228d05        0x3 
 .text.luaO_rawequalObj
                0x0000000040228d08       0x66 ./build/lua.a(lobject.o)
                                         0x6a (size before relaxing)
                0x0000000040228d0c                luaO_rawequalObj
 *fill*         0x0000000040228d6e        0x2 
 .text.luaO_str2d
                0x0000000040228d70       0x7b ./build/lua.a(lobject.o)
                                         0x97 (size before relaxing)
                0x0000000040228d70                luaO_str2d
 *fill*         0x0000000040228deb        0x1 
 .text.luaO_pushvfstring
                0x0000000040228dec      0x261 ./build/lua.a(lobject.o)
                                        0x2bd (size before relaxing)
                0x0000000040228dfc                luaO_pushvfstring
 *fill*         0x000000004022904d        0x3 
 .text.luaO_pushfstring
                0x0000000040229050       0x2b ./build/lua.a(lobject.o)
                                         0x33 (size before relaxing)
                0x0000000040229050                luaO_pushfstring
 *fill*         0x000000004022907b        0x1 
 .text.luaO_chunkid
                0x000000004022907c      0x10c ./build/lua.a(lobject.o)
                                        0x140 (size before relaxing)
                0x000000004022908c                luaO_chunkid
 .text.l_strcmp
                0x0000000040229188       0x7a ./build/lua.a(lvm.o)
                                         0x86 (size before relaxing)
 *fill*         0x0000000040229202        0x2 
 .text.callTMres$isra$0
                0x0000000040229204       0x7f ./build/lua.a(lvm.o)
                                         0x8b (size before relaxing)
 *fill*         0x0000000040229283        0x1 
 .text.call_binTM
                0x0000000040229284       0x5b ./build/lua.a(lvm.o)
                                         0x6b (size before relaxing)
 *fill*         0x00000000402292df        0x1 
 .text.call_orderTM
                0x00000000402292e0       0x74 ./build/lua.a(lvm.o)
                                         0x8c (size before relaxing)
 .text.luaV_tonumber$part$3
                0x0000000040229354       0x3a ./build/lua.a(lvm.o)
                                         0x3e (size before relaxing)
 *fill*         0x000000004022938e        0x2 
 .text.Arith    0x0000000040229390      0x163 ./build/lua.a(lvm.o)
                                        0x1ab (size before relaxing)
 *fill*         0x00000000402294f3        0x1 
 .text.luaV_tostring$part$4
                0x00000000402294f4       0x48 ./build/lua.a(lvm.o)
                                         0x5c (size before relaxing)
 .text.get_compTM$isra$2$constprop$5
                0x000000004022953c       0x7a ./build/lua.a(lvm.o)
                                         0x96 (size before relaxing)
 *fill*         0x00000000402295b6        0x2 
 .text.luaV_tonumber
                0x00000000402295b8       0x25 ./build/lua.a(lvm.o)
                                         0x29 (size before relaxing)
                0x00000000402295b8                luaV_tonumber
 *fill*         0x00000000402295dd        0x3 
 .text.luaV_tostring
                0x00000000402295e0       0x1d ./build/lua.a(lvm.o)
                                         0x21 (size before relaxing)
                0x00000000402295e0                luaV_tostring
 *fill*         0x00000000402295fd        0x3 
 .text.luaV_gettable
                0x0000000040229600      0x17b ./build/lua.a(lvm.o)
                                        0x1bf (size before relaxing)
                0x0000000040229608                luaV_gettable
 *fill*         0x000000004022977b        0x1 
 .text.luaV_settable
                0x000000004022977c      0x240 ./build/lua.a(lvm.o)
                                        0x28f (size before relaxing)
                0x0000000040229780                luaV_settable
 *fill*         0x00000000402299bc        0x0 
 .text.luaV_lessthan
                0x00000000402299bc       0x69 ./build/lua.a(lvm.o)
                                         0x81 (size before relaxing)
                0x00000000402299bc                luaV_lessthan
 *fill*         0x0000000040229a25        0x3 
 .text.luaV_equalval
                0x0000000040229a28       0x9f ./build/lua.a(lvm.o)
                                         0xaf (size before relaxing)
                0x0000000040229a2c                luaV_equalval
 *fill*         0x0000000040229ac7        0x1 
 .text.luaV_concat
                0x0000000040229ac8      0x1c4 ./build/lua.a(lvm.o)
                                        0x1f4 (size before relaxing)
                0x0000000040229acc                luaV_concat
 .text.luaV_execute
                0x0000000040229c8c      0xe34 ./build/lua.a(lvm.o)
                                        0xfac (size before relaxing)
                0x0000000040229ca4                luaV_execute
 .text.luaT_init
                0x000000004022aac0       0x5f ./build/lua.a(ltm.o)
                                         0x6f (size before relaxing)
                0x000000004022aac4                luaT_init
 *fill*         0x000000004022ab1f        0x1 
 .text.luaT_gettm
                0x000000004022ab20       0x5c ./build/lua.a(ltm.o)
                                         0x74 (size before relaxing)
                0x000000004022ab20                luaT_gettm
 .text.luaT_gettmbyobj
                0x000000004022ab7c       0x73 ./build/lua.a(ltm.o)
                                         0x8b (size before relaxing)
                0x000000004022ab7c                luaT_gettmbyobj
 *fill*         0x000000004022abef        0x1 
 .text.prvCopyDataFromQueue
                0x000000004022abf0       0x2d ./build/freertos.a(queue.o)
                                         0x31 (size before relaxing)
 *fill*         0x000000004022ac1d        0x3 
 .text.xQueueGenericReset
                0x000000004022ac20       0x8e ./build/freertos.a(queue.o)
                                         0x9a (size before relaxing)
                0x000000004022ac30                xQueueGenericReset
 *fill*         0x000000004022acae        0x2 
 .text.xQueueGenericCreate
                0x000000004022acb0       0x6b ./build/freertos.a(queue.o)
                                         0x77 (size before relaxing)
                0x000000004022acb8                xQueueGenericCreate
 *fill*         0x000000004022ad1b        0x1 
 .text.xQueueGenericSendFromISR
                0x000000004022ad1c       0x73 ./build/freertos.a(queue.o)
                                         0x77 (size before relaxing)
                0x000000004022ad20                xQueueGenericSendFromISR
 *fill*         0x000000004022ad8f        0x1 
 .text.xQueueGenericReceive
                0x000000004022ad90      0x195 ./build/freertos.a(queue.o)
                                        0x1f5 (size before relaxing)
                0x000000004022ada8                xQueueGenericReceive
 *fill*         0x000000004022af25        0x3 
 .text.vQueueWaitForMessageRestricted
                0x000000004022af28       0x61 ./build/freertos.a(queue.o)
                                         0x71 (size before relaxing)
                0x000000004022af28                vQueueWaitForMessageRestricted
 *fill*         0x000000004022af89        0x3 
 .text.xTaskGenericCreate
                0x000000004022af8c      0x219 ./build/freertos.a(tasks.o)
                                        0x275 (size before relaxing)
                0x000000004022afc8                xTaskGenericCreate
 *fill*         0x000000004022b1a5        0x3 
 .text.vTaskDelete
                0x000000004022b1a8       0x90 ./build/freertos.a(tasks.o)
                                         0xb4 (size before relaxing)
                0x000000004022b1b0                vTaskDelete
 .text.vTaskStartScheduler
                0x000000004022b238       0x7f ./build/freertos.a(tasks.o)
                                         0x97 (size before relaxing)
                0x000000004022b254                vTaskStartScheduler
 *fill*         0x000000004022b2b7        0x1 
 .text.xTaskGetTickCount
                0x000000004022b2b8       0x27 ./build/freertos.a(tasks.o)
                                         0x33 (size before relaxing)
                0x000000004022b2b8                xTaskGetTickCount
 *fill*         0x000000004022b2df        0x1 
 .text.vTaskDelay
                0x000000004022b2e0       0x5f ./build/freertos.a(tasks.o)
                                         0x73 (size before relaxing)
                0x000000004022b2e8                vTaskDelay
 *fill*         0x000000004022b33f        0x1 
 .text.prvIdleTask
                0x000000004022b340       0x90 ./build/freertos.a(tasks.o)
                                         0xc0 (size before relaxing)
 .text.vTaskSwitchContext
                0x000000004022b3d0       0xd0 ./build/freertos.a(tasks.o)
                                         0xe8 (size before relaxing)
                0x000000004022b3dc                vTaskSwitchContext
 .text.vTaskPlaceOnEventListRestricted
                0x000000004022b4a0       0x44 ./build/freertos.a(tasks.o)
                                         0x58 (size before relaxing)
                0x000000004022b4a0                vTaskPlaceOnEventListRestricted
 .text.uxTaskGetStackHighWaterMark
                0x000000004022b4e4       0x30 ./build/freertos.a(tasks.o)
                                         0x34 (size before relaxing)
                0x000000004022b4e4                uxTaskGetStackHighWaterMark
 .text.xTaskGetCurrentTaskHandle
                0x000000004022b514        0xa ./build/freertos.a(tasks.o)
                                          0xe (size before relaxing)
                0x000000004022b514                xTaskGetCurrentTaskHandle
 *fill*         0x000000004022b51e        0x2 
 .text.xTaskGetSchedulerState
                0x000000004022b520       0x1e ./build/freertos.a(tasks.o)
                                         0x26 (size before relaxing)
                0x000000004022b520                xTaskGetSchedulerState
 *fill*         0x000000004022b53e        0x2 
 .text.vTaskPriorityInherit
                0x000000004022b540       0x90 ./build/freertos.a(tasks.o)
                                         0xa4 (size before relaxing)
                0x000000004022b540                vTaskPriorityInherit
 .text.prvCheckForValidListAndQueue
                0x000000004022b5d0       0x69 ./build/freertos.a(timers.o)
                                         0x89 (size before relaxing)
 *fill*         0x000000004022b639        0x3 
 .text.prvInsertTimerInActiveList
                0x000000004022b63c       0x4d ./build/freertos.a(timers.o)
                                         0x59 (size before relaxing)
 *fill*         0x000000004022b689        0x3 
 .text.xTimerCreateTimerTask
                0x000000004022b68c       0x41 ./build/freertos.a(timers.o)
                                         0x51 (size before relaxing)
                0x000000004022b698                xTimerCreateTimerTask
 *fill*         0x000000004022b6cd        0x3 
 .text.xTimerCreate
                0x000000004022b6d0       0x51 ./build/freertos.a(timers.o)
                                         0x61 (size before relaxing)
                0x000000004022b6d0                xTimerCreate
 *fill*         0x000000004022b721        0x3 
 .text.xTimerGenericCommand
                0x000000004022b724       0x67 ./build/freertos.a(timers.o)
                                         0x7b (size before relaxing)
                0x000000004022b724                xTimerGenericCommand
 *fill*         0x000000004022b78b        0x1 
 .text.prvSwitchTimerLists$isra$1
                0x000000004022b78c       0x7a ./build/freertos.a(timers.o)
                                         0x8e (size before relaxing)
 *fill*         0x000000004022b806        0x2 
 .text.prvTimerTask
                0x000000004022b808      0x15f ./build/freertos.a(timers.o)
                                        0x1d7 (size before relaxing)
 *fill*         0x000000004022b967        0x1 
 .text.pxPortInitialiseStack
                0x000000004022b968       0x37 ./build/freertos.a(port.o)
                0x000000004022b96c                pxPortInitialiseStack
 *fill*         0x000000004022b99f        0x1 
 .text.xPortSysTickHandle
                0x000000004022b9a0       0x1b ./build/freertos.a(port.o)
                                         0x23 (size before relaxing)
                0x000000004022b9a4                xPortSysTickHandle
 *fill*         0x000000004022b9bb        0x1 
 .text.xPortStartScheduler
                0x000000004022b9bc       0x85 ./build/freertos.a(port.o)
                                         0x99 (size before relaxing)
                0x000000004022b9d8                xPortStartScheduler
 *fill*         0x000000004022ba41        0x3 
 .text.xPortGetFreeHeapSize
                0x000000004022ba44       0x28 ./build/freertos.a(port.o)
                                         0x38 (size before relaxing)
                0x000000004022ba44                xPortGetFreeHeapSize
 .text.low_level_output
                0x000000004022ba6c       0x38 ./build/lwip.a(esp_interface.o)
                                         0x40 (size before relaxing)
 .text.ethernetif_init
                0x000000004022baa4       0x32 ./build/lwip.a(esp_interface.o)
                0x000000004022baac                ethernetif_init
 *fill*         0x000000004022bad6        0x2 
 .text.ethernetif_input
                0x000000004022bad8       0x4f ./build/lwip.a(esp_interface.o)
                                         0x5a (size before relaxing)
                0x000000004022badc                ethernetif_input
 *fill*         0x000000004022bb27        0x1 
 .text.tcpip_thread
                0x000000004022bb28       0xbf ./build/lwip.a(tcpip.o)
                                         0xe7 (size before relaxing)
 *fill*         0x000000004022bbe7        0x1 
 .text.tcpip_input
                0x000000004022bbe8       0x6c ./build/lwip.a(tcpip.o)
                                         0x80 (size before relaxing)
                0x000000004022bbec                tcpip_input
 .text.tcpip_init
                0x000000004022bc54       0x47 ./build/lwip.a(tcpip.o)
                                         0x67 (size before relaxing)
                0x000000004022bc5c                tcpip_init
 *fill*         0x000000004022bc9b        0x1 
 .text.dhcp_create_msg
                0x000000004022bc9c      0x1cc ./build/lwip.a(dhcp.o)
                                        0x1d4 (size before relaxing)
 .text.dhcp_rebind
                0x000000004022be68      0x11e ./build/lwip.a(dhcp.o)
                                        0x13e (size before relaxing)
 *fill*         0x000000004022bf86        0x2 
 .text.dhcp_discover
                0x000000004022bf88      0x176 ./build/lwip.a(dhcp.o)
                                        0x19a (size before relaxing)
 *fill*         0x000000004022c0fe        0x2 
 .text.dhcp_check
                0x000000004022c100       0x3e ./build/lwip.a(dhcp.o)
                                         0x46 (size before relaxing)
 *fill*         0x000000004022c13e        0x2 
 .text.dhcp_bind
                0x000000004022c140      0x139 ./build/lwip.a(dhcp.o)
                                        0x165 (size before relaxing)
 *fill*         0x000000004022c279        0x3 
 .text.dhcp_option_long$isra$3
                0x000000004022c27c       0x53 ./build/lwip.a(dhcp.o)
                                         0x5b (size before relaxing)
 *fill*         0x000000004022c2cf        0x1 
 .text.dhcp_select
                0x000000004022c2d0      0x21c ./build/lwip.a(dhcp.o)
                                        0x254 (size before relaxing)
 .text.dhcp_reboot
                0x000000004022c4ec      0x162 ./build/lwip.a(dhcp.o)
                                        0x192 (size before relaxing)
 *fill*         0x000000004022c64e        0x2 
 .text.dhcp_recv
                0x000000004022c650      0x57f ./build/lwip.a(dhcp.o)
                                        0x5c7 (size before relaxing)
 *fill*         0x000000004022cbcf        0x1 
 .text.dhcp_arp_reply
                0x000000004022cbd0      0x106 ./build/lwip.a(dhcp.o)
                                        0x132 (size before relaxing)
                0x000000004022cbd0                dhcp_arp_reply
 *fill*         0x000000004022ccd6        0x2 
 .text.dhcp_renew
                0x000000004022ccd8      0x11a ./build/lwip.a(dhcp.o)
                                        0x13a (size before relaxing)
                0x000000004022ccd8                dhcp_renew
 *fill*         0x000000004022cdf2        0x2 
 .text.dhcp_coarse_tmr
                0x000000004022cdf4       0x96 ./build/lwip.a(dhcp.o)
                                         0xa1 (size before relaxing)
                0x000000004022cdf8                dhcp_coarse_tmr
 *fill*         0x000000004022ce8a        0x2 
 .text.dhcp_release
                0x000000004022ce8c      0x101 ./build/lwip.a(dhcp.o)
                                        0x13d (size before relaxing)
                0x000000004022ce8c                dhcp_release
 *fill*         0x000000004022cf8d        0x3 
 .text.dhcp_fine_tmr
                0x000000004022cf90       0xdb ./build/lwip.a(dhcp.o)
                                        0x11a (size before relaxing)
                0x000000004022cf90                dhcp_fine_tmr
 *fill*         0x000000004022d06b        0x1 
 .text.dhcp_stop
                0x000000004022d06c       0x3f ./build/lwip.a(dhcp.o)
                                         0x43 (size before relaxing)
                0x000000004022d06c                dhcp_stop
 *fill*         0x000000004022d0ab        0x1 
 .text.dhcp_start
                0x000000004022d0ac       0xc0 ./build/lwip.a(dhcp.o)
                                         0xfc (size before relaxing)
                0x000000004022d0b0                dhcp_start
 .text.lwip_init
                0x000000004022d16c       0x25 ./build/lwip.a(init.o)
                                         0x5d (size before relaxing)
                0x000000004022d16c                lwip_init
 *fill*         0x000000004022d191        0x3 
 .text.tcp_update_rcv_ann_wnd
                0x000000004022d194       0x46 ./build/lwip.a(tcp.o)
                0x000000004022d198                tcp_update_rcv_ann_wnd
 *fill*         0x000000004022d1da        0x2 
 .text.tcp_recved
                0x000000004022d1dc       0x4e ./build/lwip.a(tcp.o)
                                         0x5a (size before relaxing)
                0x000000004022d1e0                tcp_recved
 *fill*         0x000000004022d22a        0x2 
 .text.tcp_seg_free
                0x000000004022d22c       0x26 ./build/lwip.a(tcp.o)
                                         0x2e (size before relaxing)
                0x000000004022d22c                tcp_seg_free
 *fill*         0x000000004022d252        0x2 
 .text.tcp_pcb_purge
                0x000000004022d254       0x6d ./build/lwip.a(tcp.o)
                                         0x7d (size before relaxing)
                0x000000004022d254                tcp_pcb_purge
 *fill*         0x000000004022d2c1        0x3 
 .text.tcp_slowtmr
                0x000000004022d2c4      0x2fb ./build/lwip.a(tcp.o)
                                        0x32b (size before relaxing)
                0x000000004022d2e0                tcp_slowtmr
 *fill*         0x000000004022d5bf        0x1 
 .text.tcp_pcb_remove
                0x000000004022d5c0       0x79 ./build/lwip.a(tcp.o)
                                         0x85 (size before relaxing)